***********************************************************************
*
*	DYNAMIC LINK AND INDIRECT ALLOCATION LISTING FOR: 04
*
***********************************************************************


***************************************************
	 FIRST CODE AREA
***************************************************

***************************************************
	 DATABLOCK PATCHES
***************************************************
*
* List of data blocks that will be checked run-time for consistency with
* their definition available at compile-time
*
*
*	REQUIREMENTS for DATA BLOCK %I1
*		Process image: 1
*		Number of elements: 12
*		Data size (bytes): 2
0000	01 01 01 00 0C 00 00 00 02 00 00 00 

*
*	REQUIREMENTS for DATA BLOCK %M101
*		Process image: 0
*		Number of elements: 5000
*		Data size (bytes): 2
000C	00 00 65 00 88 13 00 00 02 00 00 00 

*
*	REQUIREMENTS for DATA BLOCK %M0
*		Process image: 0
*		Number of elements: 1
*		Data size (bytes): 4
0018	00 00 00 00 01 00 00 00 04 00 00 00 

*
*	REQUIREMENTS for DATA BLOCK %Q0
*		Process image: 0
*		Number of elements: 6
*		Data size (bytes): 2
0024	00 02 00 00 06 00 00 00 02 00 00 00 

*
*	REQUIREMENTS for DATA BLOCK %M110
*		Process image: 0
*		Number of elements: 5000
*		Data size (bytes): 2
0030	00 00 6E 00 88 13 00 00 02 00 00 00 

*
*	REQUIREMENTS for DATA BLOCK %I0
*		Process image: 1
*		Number of elements: 12
*		Data size (bytes): 1
003C	01 01 00 00 0C 00 00 00 01 00 00 00 

*
*	REQUIREMENTS for DATA BLOCK %M100
*		Process image: 0
*		Number of elements: 416
*		Data size (bytes): 2
0048	00 00 64 00 A0 01 00 00 02 00 00 00 

*
*	REQUIREMENTS for DATA BLOCK %Q1
*		Process image: 0
*		Number of elements: 12
*		Data size (bytes): 1
0054	00 02 01 00 0C 00 00 00 01 00 00 00 

*
* List of all references to data allocated on data blocks
* along with the whole information required by the run-time linker
*
*
*	1 REFERENCE(S) TO 16-BIT VAR AT BYTE #386 OF DATA BLOCK %M100
0000	00 00 64 00 82 01 00 00 00 02 01 00 

*		Instruction type: 0x00
*		Code offset: 0x000047A0
000C	A0 47 00 00 

*
*	1 REFERENCE(S) TO 32-BIT VAR AT BYTE #0 OF DATA BLOCK %M0
0010	00 00 00 00 00 00 00 00 00 04 01 00 

*		Instruction type: 0x00
*		Code offset: 0x0000462C
001C	2C 46 00 00 

*
*	3 REFERENCE(S) TO 16-BIT VAR AT BYTE #6 OF DATA BLOCK %M101
0020	00 00 65 00 06 00 00 00 00 02 03 00 

*		Instruction type: 0x00
*		Code offset: 0x00004718
002C	18 47 00 00 

*		Instruction type: 0x00
*		Code offset: 0x00005060
0030	60 50 00 00 

*		Instruction type: 0x00
*		Code offset: 0x00005C84
0034	84 5C 00 00 

*
*	3 REFERENCE(S) TO 16-BIT VAR AT BYTE #0 OF DATA BLOCK %M101
0038	00 00 65 00 00 00 00 00 00 02 03 00 

*		Instruction type: 0x00
*		Code offset: 0x0000470C
0044	0C 47 00 00 

*		Instruction type: 0x00
*		Code offset: 0x00005058
0048	58 50 00 00 

*		Instruction type: 0x00
*		Code offset: 0x00005C78
004C	78 5C 00 00 

*
*	1 REFERENCE(S) TO 8-BIT VAR AT BYTE #0 OF DATA BLOCK %I0
0050	00 00 00 00 00 00 00 00 01 01 01 00 

*		Instruction type: 0x00
*		Code offset: 0x00005D80
005C	80 5D 00 00 

*
*	3 REFERENCE(S) TO 16-BIT VAR AT BYTE #2 OF DATA BLOCK %M101
0060	00 00 65 00 02 00 00 00 00 02 03 00 

*		Instruction type: 0x00
*		Code offset: 0x00004710
006C	10 47 00 00 

*		Instruction type: 0x00
*		Code offset: 0x0000505C
0070	5C 50 00 00 

*		Instruction type: 0x00
*		Code offset: 0x00005C7C
0074	7C 5C 00 00 

*
*	2 REFERENCE(S) TO 16-BIT VAR AT BYTE #4 OF DATA BLOCK %M101
0078	00 00 65 00 04 00 00 00 00 02 02 00 

*		Instruction type: 0x00
*		Code offset: 0x00004714
0084	14 47 00 00 

*		Instruction type: 0x00
*		Code offset: 0x00005C80
0088	80 5C 00 00 

*
*	3 REFERENCE(S) TO 8-BIT VAR AT BYTE #8 OF DATA BLOCK %M101
008C	00 00 65 00 08 00 00 00 00 01 03 00 

*		Instruction type: 0x00
*		Code offset: 0x0000471C
0098	1C 47 00 00 

*		Instruction type: 0x00
*		Code offset: 0x00005064
009C	64 50 00 00 

*		Instruction type: 0x00
*		Code offset: 0x00005C88
00A0	88 5C 00 00 

*
*	3 REFERENCE(S) TO 16-BIT VAR AT BYTE #4 OF DATA BLOCK %M110
00A4	00 00 6E 00 04 00 00 00 00 02 03 00 

*		Instruction type: 0x00
*		Code offset: 0x00004720
00B0	20 47 00 00 

*		Instruction type: 0x00
*		Code offset: 0x00005068
00B4	68 50 00 00 

*		Instruction type: 0x00
*		Code offset: 0x00005C8C
00B8	8C 5C 00 00 

*
*	2 REFERENCE(S) TO 8-BIT VAR AT BYTE #128 OF DATA BLOCK %M110
00BC	00 00 6E 00 80 00 00 00 00 01 02 00 

*		Instruction type: 0x00
*		Code offset: 0x00005084
00C8	84 50 00 00 

*		Instruction type: 0x00
*		Code offset: 0x00005EB8
00CC	B8 5E 00 00 

*
*	3 REFERENCE(S) TO 16-BIT VAR AT BYTE #6 OF DATA BLOCK %M110
00D0	00 00 6E 00 06 00 00 00 00 02 03 00 

*		Instruction type: 0x00
*		Code offset: 0x00004724
00DC	24 47 00 00 

*		Instruction type: 0x00
*		Code offset: 0x0000506C
00E0	6C 50 00 00 

*		Instruction type: 0x00
*		Code offset: 0x00005C90
00E4	90 5C 00 00 

*
*	3 REFERENCE(S) TO 16-BIT VAR AT BYTE #8 OF DATA BLOCK %M110
00E8	00 00 6E 00 08 00 00 00 00 02 03 00 

*		Instruction type: 0x00
*		Code offset: 0x00004728
00F4	28 47 00 00 

*		Instruction type: 0x00
*		Code offset: 0x00005070
00F8	70 50 00 00 

*		Instruction type: 0x00
*		Code offset: 0x00005C94
00FC	94 5C 00 00 

*
*	2 REFERENCE(S) TO 16-BIT VAR AT BYTE #14 OF DATA BLOCK %M110
0100	00 00 6E 00 0E 00 00 00 00 02 02 00 

*		Instruction type: 0x00
*		Code offset: 0x000059DC
010C	DC 59 00 00 

*		Instruction type: 0x00
*		Code offset: 0x00005AB4
0110	B4 5A 00 00 

*
*	1 REFERENCE(S) TO 16-BIT VAR AT BYTE #12 OF DATA BLOCK %M110
0114	00 00 6E 00 0C 00 00 00 00 02 01 00 

*		Instruction type: 0x00
*		Code offset: 0x00005928
0120	28 59 00 00 

*
*	1 REFERENCE(S) TO 8-BIT VAR AT BYTE #18 OF DATA BLOCK %M110
0124	00 00 6E 00 12 00 00 00 00 01 01 00 

*		Instruction type: 0x00
*		Code offset: 0x00005078
0130	78 50 00 00 

*
*	3 REFERENCE(S) TO 8-BIT VAR AT BYTE #16 OF DATA BLOCK %M110
0134	00 00 6E 00 10 00 00 00 00 01 03 00 

*		Instruction type: 0x00
*		Code offset: 0x00004730
0140	30 47 00 00 

*		Instruction type: 0x00
*		Code offset: 0x00005074
0144	74 50 00 00 

*		Instruction type: 0x00
*		Code offset: 0x00005C9C
0148	9C 5C 00 00 

*
*	2 REFERENCE(S) TO 16-BIT VAR AT BYTE #10 OF DATA BLOCK %M110
014C	00 00 6E 00 0A 00 00 00 00 02 02 00 

*		Instruction type: 0x00
*		Code offset: 0x0000472C
0158	2C 47 00 00 

*		Instruction type: 0x00
*		Code offset: 0x00005C98
015C	98 5C 00 00 

*
*	1 REFERENCE(S) TO 16-BIT VAR AT BYTE #2 OF DATA BLOCK %I1
0160	00 00 01 00 02 00 00 00 01 02 01 00 

*		Instruction type: 0x00
*		Code offset: 0x00005D9C
016C	9C 5D 00 00 

*
*	2 REFERENCE(S) TO 8-BIT VAR AT BYTE #32 OF DATA BLOCK %M110
0170	00 00 6E 00 20 00 00 00 00 01 02 00 

*		Instruction type: 0x00
*		Code offset: 0x0000507C
017C	7C 50 00 00 

*		Instruction type: 0x00
*		Code offset: 0x00005EAC
0180	AC 5E 00 00 

*
*	2 REFERENCE(S) TO 8-BIT VAR AT BYTE #64 OF DATA BLOCK %M110
0184	00 00 6E 00 40 00 00 00 00 01 02 00 

*		Instruction type: 0x00
*		Code offset: 0x00005080
0190	80 50 00 00 

*		Instruction type: 0x00
*		Code offset: 0x00005EB0
0194	B0 5E 00 00 

*
*	2 REFERENCE(S) TO 8-BIT VAR AT BYTE #140 OF DATA BLOCK %M110
0198	00 00 6E 00 8C 00 00 00 00 01 02 00 

*		Instruction type: 0x00
*		Code offset: 0x00005088
01A4	88 50 00 00 

*		Instruction type: 0x00
*		Code offset: 0x00005EBC
01A8	BC 5E 00 00 

*
*	1 REFERENCE(S) TO 8-BIT VAR AT BYTE #1 OF DATA BLOCK %I0
01AC	00 00 00 00 01 00 00 00 01 01 01 00 

*		Instruction type: 0x00
*		Code offset: 0x00005D84
01B8	84 5D 00 00 

*
*	1 REFERENCE(S) TO 16-BIT VAR AT BYTE #2 OF DATA BLOCK %M110
01BC	00 00 6E 00 02 00 00 00 00 02 01 00 

*		Instruction type: 0x00
*		Code offset: 0x00005AB0
01C8	B0 5A 00 00 

*
*	2 REFERENCE(S) TO 8-BIT VAR AT BYTE #164 OF DATA BLOCK %M110
01CC	00 00 6E 00 A4 00 00 00 00 01 02 00 

*		Instruction type: 0x00
*		Code offset: 0x0000508C
01D8	8C 50 00 00 

*		Instruction type: 0x00
*		Code offset: 0x00005EC4
01DC	C4 5E 00 00 

*
*	1 REFERENCE(S) TO 8-BIT VAR AT BYTE #3 OF DATA BLOCK %I0
01E0	00 00 00 00 03 00 00 00 01 01 01 00 

*		Instruction type: 0x00
*		Code offset: 0x00005D8C
01EC	8C 5D 00 00 

*
*	2 REFERENCE(S) TO 8-BIT VAR AT BYTE #186 OF DATA BLOCK %M110
01F0	00 00 6E 00 BA 00 00 00 00 01 02 00 

*		Instruction type: 0x00
*		Code offset: 0x00005090
01FC	90 50 00 00 

*		Instruction type: 0x00
*		Code offset: 0x00005EC8
0200	C8 5E 00 00 

*
*	2 REFERENCE(S) TO 16-BIT VAR AT BYTE #192 OF DATA BLOCK %M110
0204	00 00 6E 00 C0 00 00 00 00 02 02 00 

*		Instruction type: 0x00
*		Code offset: 0x00005094
0210	94 50 00 00 

*		Instruction type: 0x00
*		Code offset: 0x00005AB8
0214	B8 5A 00 00 

*
*	1 REFERENCE(S) TO 16-BIT VAR AT BYTE #4 OF DATA BLOCK %Q0
0218	00 00 00 00 04 00 00 00 02 02 01 00 

*		Instruction type: 0x00
*		Code offset: 0x00005108
0224	08 51 00 00 

*
*	1 REFERENCE(S) TO 8-BIT VAR AT BYTE #0 OF DATA BLOCK %Q1
0228	00 00 01 00 00 00 00 00 02 01 01 00 

*		Instruction type: 0x00
*		Code offset: 0x0000510C
0234	0C 51 00 00 

*
*	1 REFERENCE(S) TO 8-BIT VAR AT BYTE #1 OF DATA BLOCK %Q1
0238	00 00 01 00 01 00 00 00 02 01 01 00 

*		Instruction type: 0x00
*		Code offset: 0x00005110
0244	10 51 00 00 

*
*	1 REFERENCE(S) TO 8-BIT VAR AT BYTE #2 OF DATA BLOCK %Q1
0248	00 00 01 00 02 00 00 00 02 01 01 00 

*		Instruction type: 0x00
*		Code offset: 0x00005114
0254	14 51 00 00 

*
*	1 REFERENCE(S) TO 8-BIT VAR AT BYTE #3 OF DATA BLOCK %Q1
0258	00 00 01 00 03 00 00 00 02 01 01 00 

*		Instruction type: 0x00
*		Code offset: 0x00005118
0264	18 51 00 00 

*
*	1 REFERENCE(S) TO 8-BIT VAR AT BYTE #4 OF DATA BLOCK %Q1
0268	00 00 01 00 04 00 00 00 02 01 01 00 

*		Instruction type: 0x00
*		Code offset: 0x00005ACC
0274	CC 5A 00 00 

*
*	1 REFERENCE(S) TO 8-BIT VAR AT BYTE #2 OF DATA BLOCK %I0
0278	00 00 00 00 02 00 00 00 01 01 01 00 

*		Instruction type: 0x00
*		Code offset: 0x00005D88
0284	88 5D 00 00 

*
*	1 REFERENCE(S) TO 8-BIT VAR AT BYTE #6 OF DATA BLOCK %I0
0288	00 00 00 00 06 00 00 00 01 01 01 00 

*		Instruction type: 0x00
*		Code offset: 0x00005D90
0294	90 5D 00 00 

*
*	1 REFERENCE(S) TO 8-BIT VAR AT BYTE #152 OF DATA BLOCK %M110
0298	00 00 6E 00 98 00 00 00 00 01 01 00 

*		Instruction type: 0x00
*		Code offset: 0x00005EC0
02A4	C0 5E 00 00 

*
*	1 REFERENCE(S) TO 8-BIT VAR AT BYTE #7 OF DATA BLOCK %I0
02A8	00 00 00 00 07 00 00 00 01 01 01 00 

*		Instruction type: 0x00
*		Code offset: 0x00005D94
02B4	94 5D 00 00 

*
*	1 REFERENCE(S) TO 8-BIT VAR AT BYTE #10 OF DATA BLOCK %I0
02B8	00 00 00 00 0A 00 00 00 01 01 01 00 

*		Instruction type: 0x00
*		Code offset: 0x00005D98
02C4	98 5D 00 00 

*
*	1 REFERENCE(S) TO 8-BIT VAR AT BYTE #96 OF DATA BLOCK %M110
02C8	00 00 6E 00 60 00 00 00 00 01 01 00 

*		Instruction type: 0x00
*		Code offset: 0x00005EB4
02D4	B4 5E 00 00 


***************************************************
	 FUNCTION PATCHES
***************************************************

NAME: sysDBase_SetExtTable  - NUM: 1
	 Patch - TYPE: 0x0 - CODE OFFSET: 0x00004820

NAME: ST_STRING  - NUM: 1
	 Patch - TYPE: 0x0 - CODE OFFSET: 0x00005104

NAME: sysWriteParINT  - NUM: 1
	 Patch - TYPE: 0x0 - CODE OFFSET: 0x00005CE0

NAME: sysWriteParBOOL  - NUM: 1
	 Patch - TYPE: 0x0 - CODE OFFSET: 0x00005CE4
